// Vitest Snapshot v1, https://vitest.dev/guide/snapshot.html

exports[`App component > App matches snapshot 1`] = `
<DocumentFragment>
  <section
    class="_container_8fe013"
  >
    <h2
      class="_title_8fe013"
    >
      Strategia GEM (Global Equity Momentum)
    </h2>
    <p>
      Strategia 
      <a
        href="https://akademia.atlasetf.pl/gem-prosta-strategia-kupowania-etf-ow-w-trendzie/"
        rel="noopener noreferrer"
        target="_blank"
      >
        <strong>
          Global Equity Momentum (GEM)
        </strong>
      </a>
       została opisana przez Gary’ego Antonacciego i opiera się na prostym założeniu: inwestujemy w aktywa, które w ostatnich 12 miesiącach (minus jeden miesiąc) wykazały najlepsze momentum. GEM ma szansę osiągać lepsze wyniki od szerokiego rynku, bo wychodzi z rynku akcji podczas najgorszych obsunięć, a jednocześnie maksymalnie wykorzystuje najlepsze okresy
    </p>
    <p>
      W praktyce oznacza to rotowanie między 
      <strong>
        IWDA (rynki rozwinięte)
      </strong>
       i 
      <strong>
        EIMI (rynki rozwijające się)
      </strong>
      , a gdy momentum na akcjach jest słabe – przechodzimy do 
      <strong>
        CBU0
      </strong>
       lub 
      <strong>
        IBO1
      </strong>
      . 
      <strong>
        CSPX
      </strong>
       i 
      <strong>
        CNDX
      </strong>
       mogą być dodatkowymi narzędziami do przeważania USA lub sektora technologicznego, jeśli inwestor chce bardziej aktywnie zarządzać portfelem.
    </p>
    <h3>
      Podstawowe zasady:
    </h3>
    <div>
      <ul>
        <li>
          Obliczamy 12-miesięczne momentum dla wybranych ETF-ów, np. robiąc rebalansing 1.08.2025 - stosujemy okienko 1.07.2024 - 30.06.2025
        </li>
        <li>
          Wybieramy aktywa z najwyższym momentum.
        </li>
        <li>
          Portfel aktualizujemy co miesiąc. W czystej wersji GEM sprzedaje się cały portfel i kupuje nowy ETF zgodnie z sygnałem, ale mozna dokupywać tylko nowe wpłaty według wskazań GEM, żeby ograniczyć koszty i podatki.
        </li>
      </ul>
    </div>
    <p>
      Dzięki temu strategia stara się 
      <em>
        unikać długich bess
      </em>
       i 
      <em>
        łapać trendy wzrostowe
      </em>
      .
    </p>
    <h3>
      Opis ETF:
    </h3>
    <div>
      <div
        class="_dropdown_dcbb1a"
      >
        <button
          class="_button_dcbb1a"
        >
          EIMI.L – iShares MSCI Emerging Markets IMI ▼
        </button>
      </div>
      <div
        class="_dropdown_dcbb1a"
      >
        <button
          class="_button_dcbb1a"
        >
          IWDA.L – iShares MSCI World ▼
        </button>
      </div>
      <div
        class="_dropdown_dcbb1a"
      >
        <button
          class="_button_dcbb1a"
        >
          CSPX.L – iShares Core S&P 500 UCITS ETF (Acc) ▼
        </button>
      </div>
      <div
        class="_dropdown_dcbb1a"
      >
        <button
          class="_button_dcbb1a"
        >
          CNDX.L – iShares NASDAQ 100 UCITS ETF ▼
        </button>
      </div>
      <div
        class="_dropdown_dcbb1a"
      >
        <button
          class="_button_dcbb1a"
        >
          CBU0.L – iShares $ Treasury Bond 7-10yr UCITS ETF ▼
        </button>
      </div>
      <div
        class="_dropdown_dcbb1a"
      >
        <button
          class="_button_dcbb1a"
        >
          IB01.L – iShares $ Treasury Bond 0-1yr UCITS ETF ▼
        </button>
      </div>
    </div>
  </section>
  <p>
    Loading...
  </p>
  <p>
    Loading chart...
  </p>
  <footer
    class="_footer_4b7379"
  >
    <p>
      © 2025 Szymon Frączek
    </p>
    <p>
      Dane rynkowe dostarczane przez 
      <a
        href="https://finance.yahoo.com/"
        rel="noopener noreferrer"
        target="_blank"
      >
        Yahoo Finance
      </a>
      .
    </p>
  </footer>
</DocumentFragment>
`;
